<?xml version="1.0" encoding="utf-8"?>
<TestRun id="a3ac0ef5-8001-4fa7-af0e-de7f43fa5d28" name="@fv-az1796-206 2025-05-31 22:27:15" xmlns="http://microsoft.com/schemas/VisualStudio/TeamTest/2010">
  <Times creation="2025-05-31T22:27:15.1980139+00:00" queuing="2025-05-31T22:27:15.1980140+00:00" start="2025-05-31T22:27:13.3247872+00:00" finish="2025-05-31T22:27:15.7742590+00:00" />
  <TestSettings name="default" id="cae01bf9-4e93-40b2-a033-67edeebf5a14">
    <Deployment runDeploymentRoot="_fv-az1796-206_2025-05-31_22_27_15" />
  </TestSettings>
  <Results>
    <UnitTestResult executionId="7c2c2bd1-d3ce-45ee-b374-4d8107a7c644" testId="0ceef84b-80e3-5a8b-849f-3817599d1cf6" testName="AiLogica.Tests.Integration.ApplicationIntegrationTests.Application_ShouldStart_Successfully" computerName="fv-az1796-206" duration="00:00:00.2789856" startTime="2025-05-31T22:27:15.6590992+00:00" endTime="2025-05-31T22:27:15.6590992+00:00" testType="13cdc9d9-ddb5-4fa4-a97d-d965ccfc6d4b" outcome="Passed" testListId="8c84fa94-04c1-424b-9868-57a2d4851a1d" relativeResultsDirectory="7c2c2bd1-d3ce-45ee-b374-4d8107a7c644" />
    <UnitTestResult executionId="1f05f4e2-78a2-47d7-a2ea-5da66d98a198" testId="7c480569-619b-ac71-f617-8e244942e34c" testName="AiLogica.Tests.ViewModels.HomeViewModelTests.CompleteWiring_WithSameConnection_ShouldNotCreateWire" computerName="fv-az1796-206" duration="00:00:00.0060536" startTime="2025-05-31T22:27:15.0551841+00:00" endTime="2025-05-31T22:27:15.0551842+00:00" testType="13cdc9d9-ddb5-4fa4-a97d-d965ccfc6d4b" outcome="Passed" testListId="8c84fa94-04c1-424b-9868-57a2d4851a1d" relativeResultsDirectory="1f05f4e2-78a2-47d7-a2ea-5da66d98a198" />
    <UnitTestResult executionId="b2aaf014-8f47-4d79-a5c9-45eddc403d62" testId="f4e67428-b203-64af-10f1-c616e9aaa405" testName="AiLogica.Tests.Components.HomePageTests.HomePage_PlacedOrGate_ShouldDisplaySvgSymbol" computerName="fv-az1796-206" duration="00:00:00.0057104" startTime="2025-05-31T22:27:15.6893178+00:00" endTime="2025-05-31T22:27:15.6893179+00:00" testType="13cdc9d9-ddb5-4fa4-a97d-d965ccfc6d4b" outcome="Passed" testListId="8c84fa94-04c1-424b-9868-57a2d4851a1d" relativeResultsDirectory="b2aaf014-8f47-4d79-a5c9-45eddc403d62" />
    <UnitTestResult executionId="55d7e535-425c-4df5-ac25-63cde70a42fb" testId="105b0841-47ae-5948-d24c-76b3b9b6416c" testName="AiLogica.Tests.ViewModels.HomeViewModelTests.PlaceGate_WithSelectedGate_ShouldAddToPlacedGatesAndKeepSelection" computerName="fv-az1796-206" duration="00:00:00.0003459" startTime="2025-05-31T22:27:15.1538589+00:00" endTime="2025-05-31T22:27:15.1538590+00:00" testType="13cdc9d9-ddb5-4fa4-a97d-d965ccfc6d4b" outcome="Passed" testListId="8c84fa94-04c1-424b-9868-57a2d4851a1d" relativeResultsDirectory="55d7e535-425c-4df5-ac25-63cde70a42fb" />
    <UnitTestResult executionId="5c6a83b6-1f6a-4a72-a9f2-59e9210eeecb" testId="200eb8b1-dda3-50e6-07c1-cd029d0de64e" testName="AiLogica.Tests.ViewModels.HomeViewModelTests.SelectGate_ShouldSetSelectedGateAndDraggingState" computerName="fv-az1796-206" duration="00:00:00.0001470" startTime="2025-05-31T22:27:15.1604319+00:00" endTime="2025-05-31T22:27:15.1604320+00:00" testType="13cdc9d9-ddb5-4fa4-a97d-d965ccfc6d4b" outcome="Passed" testListId="8c84fa94-04c1-424b-9868-57a2d4851a1d" relativeResultsDirectory="5c6a83b6-1f6a-4a72-a9f2-59e9210eeecb" />
    <UnitTestResult executionId="8552353a-64d8-4276-9251-a1d81f37d5d3" testId="d17cd9a9-91a8-4b00-ce38-dc1495349002" testName="AiLogica.Tests.EndToEnd.EndToEndInfrastructureTests.EndToEndTestInfrastructure_ShouldBeConfiguredCorrectly" computerName="fv-az1796-206" duration="00:00:00.6211320" startTime="2025-05-31T22:27:15.6590775+00:00" endTime="2025-05-31T22:27:15.6590778+00:00" testType="13cdc9d9-ddb5-4fa4-a97d-d965ccfc6d4b" outcome="Passed" testListId="8c84fa94-04c1-424b-9868-57a2d4851a1d" relativeResultsDirectory="8552353a-64d8-4276-9251-a1d81f37d5d3" />
    <UnitTestResult executionId="cd2e0b69-e7a9-4bcf-9bd1-cc3efadf8984" testId="8329cc8c-f463-7f34-fa6c-654d7c5916a2" testName="AiLogica.Tests.EndToEnd.EndToEndInfrastructureTests.PlaywrightPackage_ShouldBeAvailable" computerName="fv-az1796-206" duration="00:00:00.0059094" startTime="2025-05-31T22:27:15.0553309+00:00" endTime="2025-05-31T22:27:15.0553310+00:00" testType="13cdc9d9-ddb5-4fa4-a97d-d965ccfc6d4b" outcome="Passed" testListId="8c84fa94-04c1-424b-9868-57a2d4851a1d" relativeResultsDirectory="cd2e0b69-e7a9-4bcf-9bd1-cc3efadf8984" />
    <UnitTestResult executionId="37cdb38c-b0c5-4d66-8ba8-e2997105a18c" testId="a422a2ef-509a-15ee-dbb9-3f9a314601fc" testName="AiLogica.Tests.ViewModels.HomeViewModelTests.GetConnectionPoints_OrGate_ShouldReturnCorrectPoints" computerName="fv-az1796-206" duration="00:00:00.0005576" startTime="2025-05-31T22:27:15.1607431+00:00" endTime="2025-05-31T22:27:15.1607431+00:00" testType="13cdc9d9-ddb5-4fa4-a97d-d965ccfc6d4b" outcome="Passed" testListId="8c84fa94-04c1-424b-9868-57a2d4851a1d" relativeResultsDirectory="37cdb38c-b0c5-4d66-8ba8-e2997105a18c" />
    <UnitTestResult executionId="737d5166-21e4-4112-80e5-7bad264bad6a" testId="9c952539-bba0-e420-da4c-57dffef3b9ce" testName="AiLogica.Tests.EndToEnd.EndToEndInfrastructureTests.EndToEndTestStrategy_ShouldBeWellDocumented" computerName="fv-az1796-206" duration="00:00:00.0001713" startTime="2025-05-31T22:27:15.6611953+00:00" endTime="2025-05-31T22:27:15.6611954+00:00" testType="13cdc9d9-ddb5-4fa4-a97d-d965ccfc6d4b" outcome="Passed" testListId="8c84fa94-04c1-424b-9868-57a2d4851a1d" relativeResultsDirectory="737d5166-21e4-4112-80e5-7bad264bad6a" />
    <UnitTestResult executionId="9cb0e6d5-3f38-4646-93ae-8c8b39a1afa1" testId="ae556df1-a5bf-b40a-129d-343008ab19c5" testName="AiLogica.Tests.ViewModels.HomeViewModelTests.PlaceAndGate_ShouldHaveCorrectConnectionPoints" computerName="fv-az1796-206" duration="00:00:00.0070503" startTime="2025-05-31T22:27:15.1472941+00:00" endTime="2025-05-31T22:27:15.1472942+00:00" testType="13cdc9d9-ddb5-4fa4-a97d-d965ccfc6d4b" outcome="Passed" testListId="8c84fa94-04c1-424b-9868-57a2d4851a1d" relativeResultsDirectory="9cb0e6d5-3f38-4646-93ae-8c8b39a1afa1" />
    <UnitTestResult executionId="df428c12-606b-4da6-8730-13c62ab7caa6" testId="9b803c9c-2540-7475-7c93-3fc5557e9242" testName="AiLogica.Tests.Components.HomePageTests.HomePage_WithSelectedGate_ShouldRenderWithSelectedClass" computerName="fv-az1796-206" duration="00:00:00.0027862" startTime="2025-05-31T22:27:15.6913513+00:00" endTime="2025-05-31T22:27:15.6913514+00:00" testType="13cdc9d9-ddb5-4fa4-a97d-d965ccfc6d4b" outcome="Passed" testListId="8c84fa94-04c1-424b-9868-57a2d4851a1d" relativeResultsDirectory="df428c12-606b-4da6-8730-13c62ab7caa6" />
    <UnitTestResult executionId="13a25ba2-5f5d-4da5-885c-9285bb495177" testId="be5759a5-bfe0-f1cb-5c8e-26a7381305e9" testName="AiLogica.Tests.ViewModels.HomeViewModelTests.CompleteWiring_WithValidConnections_ShouldCreateWire" computerName="fv-az1796-206" duration="00:00:00.0003311" startTime="2025-05-31T22:27:15.1606255+00:00" endTime="2025-05-31T22:27:15.1606256+00:00" testType="13cdc9d9-ddb5-4fa4-a97d-d965ccfc6d4b" outcome="Passed" testListId="8c84fa94-04c1-424b-9868-57a2d4851a1d" relativeResultsDirectory="13a25ba2-5f5d-4da5-885c-9285bb495177" />
    <UnitTestResult executionId="2831f7d1-5cad-4176-9402-a57fce3c8d52" testId="4ab2a03b-d864-ee82-f793-2db624744073" testName="AiLogica.Tests.Components.HomePageTests.HomePage_OrGate_ShouldDisplaySvgSymbol" computerName="fv-az1796-206" duration="00:00:00.0027665" startTime="2025-05-31T22:27:15.6944284+00:00" endTime="2025-05-31T22:27:15.6944284+00:00" testType="13cdc9d9-ddb5-4fa4-a97d-d965ccfc6d4b" outcome="Passed" testListId="8c84fa94-04c1-424b-9868-57a2d4851a1d" relativeResultsDirectory="2831f7d1-5cad-4176-9402-a57fce3c8d52" />
    <UnitTestResult executionId="23bbaa8c-7f38-4ce6-aae8-61d746d42658" testId="62b9ab40-846d-976c-51b0-a61c3e281702" testName="AiLogica.Tests.Components.HomePageTests.HomePage_SelectOrGate_ShouldUpdateViewModel" computerName="fv-az1796-206" duration="00:00:00.0001778" startTime="2025-05-31T22:27:15.6915919+00:00" endTime="2025-05-31T22:27:15.6915920+00:00" testType="13cdc9d9-ddb5-4fa4-a97d-d965ccfc6d4b" outcome="Passed" testListId="8c84fa94-04c1-424b-9868-57a2d4851a1d" relativeResultsDirectory="23bbaa8c-7f38-4ce6-aae8-61d746d42658" />
    <UnitTestResult executionId="e2407926-f4ec-4322-b1ff-4a8d6c9e73a4" testId="50b78865-64f6-c34a-a595-8f3cc47202bd" testName="AiLogica.Tests.ViewModels.HomeViewModelTests.StartWiring_ShouldSetWiringState" computerName="fv-az1796-206" duration="00:00:00.0001449" startTime="2025-05-31T22:27:15.1466864+00:00" endTime="2025-05-31T22:27:15.1466865+00:00" testType="13cdc9d9-ddb5-4fa4-a97d-d965ccfc6d4b" outcome="Passed" testListId="8c84fa94-04c1-424b-9868-57a2d4851a1d" relativeResultsDirectory="e2407926-f4ec-4322-b1ff-4a8d6c9e73a4" />
    <UnitTestResult executionId="bde75520-6747-48d4-a070-9bf31ed3db9f" testId="63be1937-3d78-9841-25a6-c8caded693d3" testName="AiLogica.Tests.Components.HomePageTests.HomePage_NonOrGates_ShouldDisplayAsText" computerName="fv-az1796-206" duration="00:00:00.0245972" startTime="2025-05-31T22:27:15.6890676+00:00" endTime="2025-05-31T22:27:15.6890677+00:00" testType="13cdc9d9-ddb5-4fa4-a97d-d965ccfc6d4b" outcome="Failed" testListId="8c84fa94-04c1-424b-9868-57a2d4851a1d" relativeResultsDirectory="bde75520-6747-48d4-a070-9bf31ed3db9f">
      <Output>
        <ErrorInfo>
          <Message>Assert.Contains() Failure
Not found: AND
In value:  
                           
                           
                           
                           
                           </Message>
          <StackTrace>   at AiLogica.Tests.Components.HomePageTests.HomePage_NonOrGates_ShouldDisplayAsText() in /home/runner/work/ai_logica/ai_logica/AiLogica.Tests/Components/HomePageTests.cs:line 117
   at System.RuntimeMethodHandle.InvokeMethod(Object target, Void** arguments, Signature sig, Boolean isConstructor)
   at System.Reflection.MethodBaseInvoker.InvokeWithNoArgs(Object obj, BindingFlags invokeAttr)</StackTrace>
        </ErrorInfo>
      </Output>
    </UnitTestResult>
    <UnitTestResult executionId="0cada103-ecd4-4a43-bcbd-66c5ff3e9225" testId="8ae5f13f-ca61-8d70-be5d-bab19d68625d" testName="AiLogica.Tests.Components.HomePageTests.HomePage_OrGateNotSelected_ShouldRenderCorrectly" computerName="fv-az1796-206" duration="00:00:00.6431822" startTime="2025-05-31T22:27:15.6500257+00:00" endTime="2025-05-31T22:27:15.6500259+00:00" testType="13cdc9d9-ddb5-4fa4-a97d-d965ccfc6d4b" outcome="Passed" testListId="8c84fa94-04c1-424b-9868-57a2d4851a1d" relativeResultsDirectory="0cada103-ecd4-4a43-bcbd-66c5ff3e9225" />
    <UnitTestResult executionId="1a50e526-6720-46dc-b152-f7b17d8da0f6" testId="8529a7c7-3de3-a414-751b-faeddb4f7dc5" testName="AiLogica.Tests.ViewModels.HomeViewModelTests.GetUnconnectedConnectionPoints_WithWires_ShouldReturnOnlyUnconnectedPoints" computerName="fv-az1796-206" duration="00:00:00.0032228" startTime="2025-05-31T22:27:15.1605631+00:00" endTime="2025-05-31T22:27:15.1605632+00:00" testType="13cdc9d9-ddb5-4fa4-a97d-d965ccfc6d4b" outcome="Passed" testListId="8c84fa94-04c1-424b-9868-57a2d4851a1d" relativeResultsDirectory="1a50e526-6720-46dc-b152-f7b17d8da0f6" />
    <UnitTestResult executionId="3e0d87c9-91ea-490b-8600-7ac8bf3e41de" testId="6cae5a1c-5cab-7df6-859b-6b90ab33286e" testName="AiLogica.Tests.ViewModels.HomeViewModelTests.PlaceGate_MultipleGates_ShouldAllowPlacingMultipleGatesWithoutReselection" computerName="fv-az1796-206" duration="00:00:00.0235034" startTime="2025-05-31T22:27:15.0561947+00:00" endTime="2025-05-31T22:27:15.0561948+00:00" testType="13cdc9d9-ddb5-4fa4-a97d-d965ccfc6d4b" outcome="Passed" testListId="8c84fa94-04c1-424b-9868-57a2d4851a1d" relativeResultsDirectory="3e0d87c9-91ea-490b-8600-7ac8bf3e41de" />
    <UnitTestResult executionId="3de461db-2d60-42a6-9aac-89c6eeaece5b" testId="cd1d155c-9ddd-4a3d-afbf-1fdbaf3b2c0f" testName="AiLogica.Tests.ViewModels.HomeViewModelTests.PlaceGate_WithoutSelectedGate_ShouldNotAddToPlacedGates" computerName="fv-az1796-206" duration="00:00:00.0013344" startTime="2025-05-31T22:27:15.1605017+00:00" endTime="2025-05-31T22:27:15.1605017+00:00" testType="13cdc9d9-ddb5-4fa4-a97d-d965ccfc6d4b" outcome="Passed" testListId="8c84fa94-04c1-424b-9868-57a2d4851a1d" relativeResultsDirectory="3de461db-2d60-42a6-9aac-89c6eeaece5b" />
    <UnitTestResult executionId="f9e0ab38-8391-45c9-ac33-4f45e890aa9e" testId="afd8bc39-b7a1-509d-7188-8b5293bd6a1f" testName="AiLogica.Tests.ViewModels.HomeViewModelTests.GetUnconnectedConnectionPoints_WithoutWires_ShouldReturnAllPoints" computerName="fv-az1796-206" duration="00:00:00.0019911" startTime="2025-05-31T22:27:15.1539359+00:00" endTime="2025-05-31T22:27:15.1539359+00:00" testType="13cdc9d9-ddb5-4fa4-a97d-d965ccfc6d4b" outcome="Passed" testListId="8c84fa94-04c1-424b-9868-57a2d4851a1d" relativeResultsDirectory="f9e0ab38-8391-45c9-ac33-4f45e890aa9e" />
    <UnitTestResult executionId="a365697e-9f6e-481b-a3d8-ce55db1a1fd3" testId="a2ae638d-c777-de0d-1084-5e7469b42524" testName="AiLogica.Tests.ViewModels.HomeViewModelTests.WelcomeMessage_ShouldHaveDefaultValue" computerName="fv-az1796-206" duration="00:00:00.0001131" startTime="2025-05-31T22:27:15.1470953+00:00" endTime="2025-05-31T22:27:15.1470953+00:00" testType="13cdc9d9-ddb5-4fa4-a97d-d965ccfc6d4b" outcome="Passed" testListId="8c84fa94-04c1-424b-9868-57a2d4851a1d" relativeResultsDirectory="a365697e-9f6e-481b-a3d8-ce55db1a1fd3" />
    <UnitTestResult executionId="53133006-66f7-4849-8167-82ab808da0a7" testId="96c9e315-2a61-0614-bda6-eee45a27749e" testName="AiLogica.Tests.ViewModels.HomeViewModelTests.WelcomeMessage_ShouldRaisePropertyChangedEvent" computerName="fv-az1796-206" duration="00:00:00.0007144" startTime="2025-05-31T22:27:15.1470236+00:00" endTime="2025-05-31T22:27:15.1470237+00:00" testType="13cdc9d9-ddb5-4fa4-a97d-d965ccfc6d4b" outcome="Passed" testListId="8c84fa94-04c1-424b-9868-57a2d4851a1d" relativeResultsDirectory="53133006-66f7-4849-8167-82ab808da0a7" />
    <UnitTestResult executionId="aab8ff95-e3d6-44bd-84ee-4e3e8ae8f142" testId="173e92e8-dded-0889-2726-6f8c6079de1a" testName="AiLogica.Tests.ViewModels.HomeViewModelTests.PlacedGates_PropertyChanged_ShouldBeRaisedWhenGateIsPlaced" computerName="fv-az1796-206" duration="00:00:00.0004313" startTime="2025-05-31T22:27:15.1606848+00:00" endTime="2025-05-31T22:27:15.1606848+00:00" testType="13cdc9d9-ddb5-4fa4-a97d-d965ccfc6d4b" outcome="Passed" testListId="8c84fa94-04c1-424b-9868-57a2d4851a1d" relativeResultsDirectory="aab8ff95-e3d6-44bd-84ee-4e3e8ae8f142" />
    <UnitTestResult executionId="721381ff-c93a-40d7-81cc-ee33312079be" testId="bccc04f1-0c93-73fa-6661-22af42f2dc34" testName="AiLogica.Tests.ViewModels.HomeViewModelTests.UpdateMousePosition_ShouldSetMouseCoordinates" computerName="fv-az1796-206" duration="00:00:00.0003134" startTime="2025-05-31T22:27:15.1472240+00:00" endTime="2025-05-31T22:27:15.1472240+00:00" testType="13cdc9d9-ddb5-4fa4-a97d-d965ccfc6d4b" outcome="Passed" testListId="8c84fa94-04c1-424b-9868-57a2d4851a1d" relativeResultsDirectory="721381ff-c93a-40d7-81cc-ee33312079be" />
    <UnitTestResult executionId="3dd301e6-3a83-4e48-9395-3a14b28f60d8" testId="f0fb8295-82fb-bc35-112f-67982ac8df55" testName="AiLogica.Tests.EndToEnd.EndToEndWorkflowValidationTests.EndToEndTestCoverage_ShouldBeProvidedByExistingTests" computerName="fv-az1796-206" duration="00:00:00.0061064" startTime="2025-05-31T22:27:15.0293065+00:00" endTime="2025-05-31T22:27:15.0293542+00:00" testType="13cdc9d9-ddb5-4fa4-a97d-d965ccfc6d4b" outcome="Passed" testListId="8c84fa94-04c1-424b-9868-57a2d4851a1d" relativeResultsDirectory="3dd301e6-3a83-4e48-9395-3a14b28f60d8" />
    <UnitTestResult executionId="9a757e07-d95c-4723-be80-d90a2711a5c2" testId="3da84117-b913-466b-54eb-a2e2e5930d5f" testName="AiLogica.Tests.ViewModels.HomeViewModelTests.MixedGates_OrAndAnd_ShouldAllHaveConnectionPoints" computerName="fv-az1796-206" duration="00:00:00.0035161" startTime="2025-05-31T22:27:15.0562794+00:00" endTime="2025-05-31T22:27:15.0562795+00:00" testType="13cdc9d9-ddb5-4fa4-a97d-d965ccfc6d4b" outcome="Passed" testListId="8c84fa94-04c1-424b-9868-57a2d4851a1d" relativeResultsDirectory="9a757e07-d95c-4723-be80-d90a2711a5c2" />
    <UnitTestResult executionId="2f70681c-5cce-480f-9459-c54d3720e723" testId="faa13e6b-7201-cf6a-8438-940b49935b37" testName="AiLogica.Tests.Integration.ApplicationIntegrationTests.ViewModel_ShouldBeRegistered_AsScoped" computerName="fv-az1796-206" duration="00:00:00.3646050" startTime="2025-05-31T22:27:15.3762832+00:00" endTime="2025-05-31T22:27:15.3762834+00:00" testType="13cdc9d9-ddb5-4fa4-a97d-d965ccfc6d4b" outcome="Passed" testListId="8c84fa94-04c1-424b-9868-57a2d4851a1d" relativeResultsDirectory="2f70681c-5cce-480f-9459-c54d3720e723" />
    <UnitTestResult executionId="c97951ea-7503-44da-b5e2-b10ea20eaabe" testId="c5e917fd-0ed7-9e49-cb7f-b58f91a82489" testName="AiLogica.Tests.EndToEnd.EndToEndWorkflowValidationTests.OrGateWorkflow_ShouldBeFullyTested" computerName="fv-az1796-206" duration="00:00:00.0000960" startTime="2025-05-31T22:27:15.0546888+00:00" endTime="2025-05-31T22:27:15.0546888+00:00" testType="13cdc9d9-ddb5-4fa4-a97d-d965ccfc6d4b" outcome="Passed" testListId="8c84fa94-04c1-424b-9868-57a2d4851a1d" relativeResultsDirectory="c97951ea-7503-44da-b5e2-b10ea20eaabe" />
    <UnitTestResult executionId="529bad74-2b85-4228-9706-5c4563e0e33f" testId="d77c7050-e7d6-b67c-99e9-e26ce9d48eaf" testName="AiLogica.Tests.ViewModels.HomeViewModelTests.AndGate_ConnectionPoints_ShouldSupportWiring" computerName="fv-az1796-206" duration="00:00:00.0398242" startTime="2025-05-31T22:27:15.1473587+00:00" endTime="2025-05-31T22:27:15.1473588+00:00" testType="13cdc9d9-ddb5-4fa4-a97d-d965ccfc6d4b" outcome="Passed" testListId="8c84fa94-04c1-424b-9868-57a2d4851a1d" relativeResultsDirectory="529bad74-2b85-4228-9706-5c4563e0e33f" />
    <UnitTestResult executionId="d72c5006-7976-4c81-bc3a-2bc1e54c0061" testId="255d0359-7a55-08ef-eb51-6d3786c259a2" testName="AiLogica.Tests.ViewModels.HomeViewModelTests.CancelDrag_ShouldClearSelectionAndDraggingState" computerName="fv-az1796-206" duration="00:00:00.0002815" startTime="2025-05-31T22:27:15.1471562+00:00" endTime="2025-05-31T22:27:15.1471563+00:00" testType="13cdc9d9-ddb5-4fa4-a97d-d965ccfc6d4b" outcome="Passed" testListId="8c84fa94-04c1-424b-9868-57a2d4851a1d" relativeResultsDirectory="d72c5006-7976-4c81-bc3a-2bc1e54c0061" />
  </Results>
  <TestDefinitions>
    <UnitTest name="AiLogica.Tests.ViewModels.HomeViewModelTests.PlacedGates_PropertyChanged_ShouldBeRaisedWhenGateIsPlaced" storage="/home/runner/work/ai_logica/ai_logica/ailogica.tests/bin/debug/net8.0/ailogica.tests.dll" id="173e92e8-dded-0889-2726-6f8c6079de1a">
      <Execution id="aab8ff95-e3d6-44bd-84ee-4e3e8ae8f142" />
      <TestMethod codeBase="/home/runner/work/ai_logica/ai_logica/AiLogica.Tests/bin/Debug/net8.0/AiLogica.Tests.dll" adapterTypeName="executor://xunit/VsTestRunner2/netcoreapp" className="AiLogica.Tests.ViewModels.HomeViewModelTests" name="PlacedGates_PropertyChanged_ShouldBeRaisedWhenGateIsPlaced" />
    </UnitTest>
    <UnitTest name="AiLogica.Tests.EndToEnd.EndToEndInfrastructureTests.EndToEndTestInfrastructure_ShouldBeConfiguredCorrectly" storage="/home/runner/work/ai_logica/ai_logica/ailogica.tests/bin/debug/net8.0/ailogica.tests.dll" id="d17cd9a9-91a8-4b00-ce38-dc1495349002">
      <Execution id="8552353a-64d8-4276-9251-a1d81f37d5d3" />
      <TestMethod codeBase="/home/runner/work/ai_logica/ai_logica/AiLogica.Tests/bin/Debug/net8.0/AiLogica.Tests.dll" adapterTypeName="executor://xunit/VsTestRunner2/netcoreapp" className="AiLogica.Tests.EndToEnd.EndToEndInfrastructureTests" name="EndToEndTestInfrastructure_ShouldBeConfiguredCorrectly" />
    </UnitTest>
    <UnitTest name="AiLogica.Tests.Integration.ApplicationIntegrationTests.ViewModel_ShouldBeRegistered_AsScoped" storage="/home/runner/work/ai_logica/ai_logica/ailogica.tests/bin/debug/net8.0/ailogica.tests.dll" id="faa13e6b-7201-cf6a-8438-940b49935b37">
      <Execution id="2f70681c-5cce-480f-9459-c54d3720e723" />
      <TestMethod codeBase="/home/runner/work/ai_logica/ai_logica/AiLogica.Tests/bin/Debug/net8.0/AiLogica.Tests.dll" adapterTypeName="executor://xunit/VsTestRunner2/netcoreapp" className="AiLogica.Tests.Integration.ApplicationIntegrationTests" name="ViewModel_ShouldBeRegistered_AsScoped" />
    </UnitTest>
    <UnitTest name="AiLogica.Tests.ViewModels.HomeViewModelTests.CompleteWiring_WithSameConnection_ShouldNotCreateWire" storage="/home/runner/work/ai_logica/ai_logica/ailogica.tests/bin/debug/net8.0/ailogica.tests.dll" id="7c480569-619b-ac71-f617-8e244942e34c">
      <Execution id="1f05f4e2-78a2-47d7-a2ea-5da66d98a198" />
      <TestMethod codeBase="/home/runner/work/ai_logica/ai_logica/AiLogica.Tests/bin/Debug/net8.0/AiLogica.Tests.dll" adapterTypeName="executor://xunit/VsTestRunner2/netcoreapp" className="AiLogica.Tests.ViewModels.HomeViewModelTests" name="CompleteWiring_WithSameConnection_ShouldNotCreateWire" />
    </UnitTest>
    <UnitTest name="AiLogica.Tests.ViewModels.HomeViewModelTests.PlaceAndGate_ShouldHaveCorrectConnectionPoints" storage="/home/runner/work/ai_logica/ai_logica/ailogica.tests/bin/debug/net8.0/ailogica.tests.dll" id="ae556df1-a5bf-b40a-129d-343008ab19c5">
      <Execution id="9cb0e6d5-3f38-4646-93ae-8c8b39a1afa1" />
      <TestMethod codeBase="/home/runner/work/ai_logica/ai_logica/AiLogica.Tests/bin/Debug/net8.0/AiLogica.Tests.dll" adapterTypeName="executor://xunit/VsTestRunner2/netcoreapp" className="AiLogica.Tests.ViewModels.HomeViewModelTests" name="PlaceAndGate_ShouldHaveCorrectConnectionPoints" />
    </UnitTest>
    <UnitTest name="AiLogica.Tests.Components.HomePageTests.HomePage_PlacedOrGate_ShouldDisplaySvgSymbol" storage="/home/runner/work/ai_logica/ai_logica/ailogica.tests/bin/debug/net8.0/ailogica.tests.dll" id="f4e67428-b203-64af-10f1-c616e9aaa405">
      <Execution id="b2aaf014-8f47-4d79-a5c9-45eddc403d62" />
      <TestMethod codeBase="/home/runner/work/ai_logica/ai_logica/AiLogica.Tests/bin/Debug/net8.0/AiLogica.Tests.dll" adapterTypeName="executor://xunit/VsTestRunner2/netcoreapp" className="AiLogica.Tests.Components.HomePageTests" name="HomePage_PlacedOrGate_ShouldDisplaySvgSymbol" />
    </UnitTest>
    <UnitTest name="AiLogica.Tests.ViewModels.HomeViewModelTests.UpdateMousePosition_ShouldSetMouseCoordinates" storage="/home/runner/work/ai_logica/ai_logica/ailogica.tests/bin/debug/net8.0/ailogica.tests.dll" id="bccc04f1-0c93-73fa-6661-22af42f2dc34">
      <Execution id="721381ff-c93a-40d7-81cc-ee33312079be" />
      <TestMethod codeBase="/home/runner/work/ai_logica/ai_logica/AiLogica.Tests/bin/Debug/net8.0/AiLogica.Tests.dll" adapterTypeName="executor://xunit/VsTestRunner2/netcoreapp" className="AiLogica.Tests.ViewModels.HomeViewModelTests" name="UpdateMousePosition_ShouldSetMouseCoordinates" />
    </UnitTest>
    <UnitTest name="AiLogica.Tests.ViewModels.HomeViewModelTests.GetUnconnectedConnectionPoints_WithWires_ShouldReturnOnlyUnconnectedPoints" storage="/home/runner/work/ai_logica/ai_logica/ailogica.tests/bin/debug/net8.0/ailogica.tests.dll" id="8529a7c7-3de3-a414-751b-faeddb4f7dc5">
      <Execution id="1a50e526-6720-46dc-b152-f7b17d8da0f6" />
      <TestMethod codeBase="/home/runner/work/ai_logica/ai_logica/AiLogica.Tests/bin/Debug/net8.0/AiLogica.Tests.dll" adapterTypeName="executor://xunit/VsTestRunner2/netcoreapp" className="AiLogica.Tests.ViewModels.HomeViewModelTests" name="GetUnconnectedConnectionPoints_WithWires_ShouldReturnOnlyUnconnectedPoints" />
    </UnitTest>
    <UnitTest name="AiLogica.Tests.ViewModels.HomeViewModelTests.StartWiring_ShouldSetWiringState" storage="/home/runner/work/ai_logica/ai_logica/ailogica.tests/bin/debug/net8.0/ailogica.tests.dll" id="50b78865-64f6-c34a-a595-8f3cc47202bd">
      <Execution id="e2407926-f4ec-4322-b1ff-4a8d6c9e73a4" />
      <TestMethod codeBase="/home/runner/work/ai_logica/ai_logica/AiLogica.Tests/bin/Debug/net8.0/AiLogica.Tests.dll" adapterTypeName="executor://xunit/VsTestRunner2/netcoreapp" className="AiLogica.Tests.ViewModels.HomeViewModelTests" name="StartWiring_ShouldSetWiringState" />
    </UnitTest>
    <UnitTest name="AiLogica.Tests.ViewModels.HomeViewModelTests.SelectGate_ShouldSetSelectedGateAndDraggingState" storage="/home/runner/work/ai_logica/ai_logica/ailogica.tests/bin/debug/net8.0/ailogica.tests.dll" id="200eb8b1-dda3-50e6-07c1-cd029d0de64e">
      <Execution id="5c6a83b6-1f6a-4a72-a9f2-59e9210eeecb" />
      <TestMethod codeBase="/home/runner/work/ai_logica/ai_logica/AiLogica.Tests/bin/Debug/net8.0/AiLogica.Tests.dll" adapterTypeName="executor://xunit/VsTestRunner2/netcoreapp" className="AiLogica.Tests.ViewModels.HomeViewModelTests" name="SelectGate_ShouldSetSelectedGateAndDraggingState" />
    </UnitTest>
    <UnitTest name="AiLogica.Tests.EndToEnd.EndToEndInfrastructureTests.EndToEndTestStrategy_ShouldBeWellDocumented" storage="/home/runner/work/ai_logica/ai_logica/ailogica.tests/bin/debug/net8.0/ailogica.tests.dll" id="9c952539-bba0-e420-da4c-57dffef3b9ce">
      <Execution id="737d5166-21e4-4112-80e5-7bad264bad6a" />
      <TestMethod codeBase="/home/runner/work/ai_logica/ai_logica/AiLogica.Tests/bin/Debug/net8.0/AiLogica.Tests.dll" adapterTypeName="executor://xunit/VsTestRunner2/netcoreapp" className="AiLogica.Tests.EndToEnd.EndToEndInfrastructureTests" name="EndToEndTestStrategy_ShouldBeWellDocumented" />
    </UnitTest>
    <UnitTest name="AiLogica.Tests.ViewModels.HomeViewModelTests.PlaceGate_WithoutSelectedGate_ShouldNotAddToPlacedGates" storage="/home/runner/work/ai_logica/ai_logica/ailogica.tests/bin/debug/net8.0/ailogica.tests.dll" id="cd1d155c-9ddd-4a3d-afbf-1fdbaf3b2c0f">
      <Execution id="3de461db-2d60-42a6-9aac-89c6eeaece5b" />
      <TestMethod codeBase="/home/runner/work/ai_logica/ai_logica/AiLogica.Tests/bin/Debug/net8.0/AiLogica.Tests.dll" adapterTypeName="executor://xunit/VsTestRunner2/netcoreapp" className="AiLogica.Tests.ViewModels.HomeViewModelTests" name="PlaceGate_WithoutSelectedGate_ShouldNotAddToPlacedGates" />
    </UnitTest>
    <UnitTest name="AiLogica.Tests.EndToEnd.EndToEndWorkflowValidationTests.OrGateWorkflow_ShouldBeFullyTested" storage="/home/runner/work/ai_logica/ai_logica/ailogica.tests/bin/debug/net8.0/ailogica.tests.dll" id="c5e917fd-0ed7-9e49-cb7f-b58f91a82489">
      <Execution id="c97951ea-7503-44da-b5e2-b10ea20eaabe" />
      <TestMethod codeBase="/home/runner/work/ai_logica/ai_logica/AiLogica.Tests/bin/Debug/net8.0/AiLogica.Tests.dll" adapterTypeName="executor://xunit/VsTestRunner2/netcoreapp" className="AiLogica.Tests.EndToEnd.EndToEndWorkflowValidationTests" name="OrGateWorkflow_ShouldBeFullyTested" />
    </UnitTest>
    <UnitTest name="AiLogica.Tests.ViewModels.HomeViewModelTests.CancelDrag_ShouldClearSelectionAndDraggingState" storage="/home/runner/work/ai_logica/ai_logica/ailogica.tests/bin/debug/net8.0/ailogica.tests.dll" id="255d0359-7a55-08ef-eb51-6d3786c259a2">
      <Execution id="d72c5006-7976-4c81-bc3a-2bc1e54c0061" />
      <TestMethod codeBase="/home/runner/work/ai_logica/ai_logica/AiLogica.Tests/bin/Debug/net8.0/AiLogica.Tests.dll" adapterTypeName="executor://xunit/VsTestRunner2/netcoreapp" className="AiLogica.Tests.ViewModels.HomeViewModelTests" name="CancelDrag_ShouldClearSelectionAndDraggingState" />
    </UnitTest>
    <UnitTest name="AiLogica.Tests.EndToEnd.EndToEndWorkflowValidationTests.EndToEndTestCoverage_ShouldBeProvidedByExistingTests" storage="/home/runner/work/ai_logica/ai_logica/ailogica.tests/bin/debug/net8.0/ailogica.tests.dll" id="f0fb8295-82fb-bc35-112f-67982ac8df55">
      <Execution id="3dd301e6-3a83-4e48-9395-3a14b28f60d8" />
      <TestMethod codeBase="/home/runner/work/ai_logica/ai_logica/AiLogica.Tests/bin/Debug/net8.0/AiLogica.Tests.dll" adapterTypeName="executor://xunit/VsTestRunner2/netcoreapp" className="AiLogica.Tests.EndToEnd.EndToEndWorkflowValidationTests" name="EndToEndTestCoverage_ShouldBeProvidedByExistingTests" />
    </UnitTest>
    <UnitTest name="AiLogica.Tests.Components.HomePageTests.HomePage_SelectOrGate_ShouldUpdateViewModel" storage="/home/runner/work/ai_logica/ai_logica/ailogica.tests/bin/debug/net8.0/ailogica.tests.dll" id="62b9ab40-846d-976c-51b0-a61c3e281702">
      <Execution id="23bbaa8c-7f38-4ce6-aae8-61d746d42658" />
      <TestMethod codeBase="/home/runner/work/ai_logica/ai_logica/AiLogica.Tests/bin/Debug/net8.0/AiLogica.Tests.dll" adapterTypeName="executor://xunit/VsTestRunner2/netcoreapp" className="AiLogica.Tests.Components.HomePageTests" name="HomePage_SelectOrGate_ShouldUpdateViewModel" />
    </UnitTest>
    <UnitTest name="AiLogica.Tests.ViewModels.HomeViewModelTests.PlaceGate_MultipleGates_ShouldAllowPlacingMultipleGatesWithoutReselection" storage="/home/runner/work/ai_logica/ai_logica/ailogica.tests/bin/debug/net8.0/ailogica.tests.dll" id="6cae5a1c-5cab-7df6-859b-6b90ab33286e">
      <Execution id="3e0d87c9-91ea-490b-8600-7ac8bf3e41de" />
      <TestMethod codeBase="/home/runner/work/ai_logica/ai_logica/AiLogica.Tests/bin/Debug/net8.0/AiLogica.Tests.dll" adapterTypeName="executor://xunit/VsTestRunner2/netcoreapp" className="AiLogica.Tests.ViewModels.HomeViewModelTests" name="PlaceGate_MultipleGates_ShouldAllowPlacingMultipleGatesWithoutReselection" />
    </UnitTest>
    <UnitTest name="AiLogica.Tests.ViewModels.HomeViewModelTests.GetUnconnectedConnectionPoints_WithoutWires_ShouldReturnAllPoints" storage="/home/runner/work/ai_logica/ai_logica/ailogica.tests/bin/debug/net8.0/ailogica.tests.dll" id="afd8bc39-b7a1-509d-7188-8b5293bd6a1f">
      <Execution id="f9e0ab38-8391-45c9-ac33-4f45e890aa9e" />
      <TestMethod codeBase="/home/runner/work/ai_logica/ai_logica/AiLogica.Tests/bin/Debug/net8.0/AiLogica.Tests.dll" adapterTypeName="executor://xunit/VsTestRunner2/netcoreapp" className="AiLogica.Tests.ViewModels.HomeViewModelTests" name="GetUnconnectedConnectionPoints_WithoutWires_ShouldReturnAllPoints" />
    </UnitTest>
    <UnitTest name="AiLogica.Tests.Components.HomePageTests.HomePage_OrGate_ShouldDisplaySvgSymbol" storage="/home/runner/work/ai_logica/ai_logica/ailogica.tests/bin/debug/net8.0/ailogica.tests.dll" id="4ab2a03b-d864-ee82-f793-2db624744073">
      <Execution id="2831f7d1-5cad-4176-9402-a57fce3c8d52" />
      <TestMethod codeBase="/home/runner/work/ai_logica/ai_logica/AiLogica.Tests/bin/Debug/net8.0/AiLogica.Tests.dll" adapterTypeName="executor://xunit/VsTestRunner2/netcoreapp" className="AiLogica.Tests.Components.HomePageTests" name="HomePage_OrGate_ShouldDisplaySvgSymbol" />
    </UnitTest>
    <UnitTest name="AiLogica.Tests.Components.HomePageTests.HomePage_NonOrGates_ShouldDisplayAsText" storage="/home/runner/work/ai_logica/ai_logica/ailogica.tests/bin/debug/net8.0/ailogica.tests.dll" id="63be1937-3d78-9841-25a6-c8caded693d3">
      <Execution id="bde75520-6747-48d4-a070-9bf31ed3db9f" />
      <TestMethod codeBase="/home/runner/work/ai_logica/ai_logica/AiLogica.Tests/bin/Debug/net8.0/AiLogica.Tests.dll" adapterTypeName="executor://xunit/VsTestRunner2/netcoreapp" className="AiLogica.Tests.Components.HomePageTests" name="HomePage_NonOrGates_ShouldDisplayAsText" />
    </UnitTest>
    <UnitTest name="AiLogica.Tests.ViewModels.HomeViewModelTests.WelcomeMessage_ShouldRaisePropertyChangedEvent" storage="/home/runner/work/ai_logica/ai_logica/ailogica.tests/bin/debug/net8.0/ailogica.tests.dll" id="96c9e315-2a61-0614-bda6-eee45a27749e">
      <Execution id="53133006-66f7-4849-8167-82ab808da0a7" />
      <TestMethod codeBase="/home/runner/work/ai_logica/ai_logica/AiLogica.Tests/bin/Debug/net8.0/AiLogica.Tests.dll" adapterTypeName="executor://xunit/VsTestRunner2/netcoreapp" className="AiLogica.Tests.ViewModels.HomeViewModelTests" name="WelcomeMessage_ShouldRaisePropertyChangedEvent" />
    </UnitTest>
    <UnitTest name="AiLogica.Tests.ViewModels.HomeViewModelTests.PlaceGate_WithSelectedGate_ShouldAddToPlacedGatesAndKeepSelection" storage="/home/runner/work/ai_logica/ai_logica/ailogica.tests/bin/debug/net8.0/ailogica.tests.dll" id="105b0841-47ae-5948-d24c-76b3b9b6416c">
      <Execution id="55d7e535-425c-4df5-ac25-63cde70a42fb" />
      <TestMethod codeBase="/home/runner/work/ai_logica/ai_logica/AiLogica.Tests/bin/Debug/net8.0/AiLogica.Tests.dll" adapterTypeName="executor://xunit/VsTestRunner2/netcoreapp" className="AiLogica.Tests.ViewModels.HomeViewModelTests" name="PlaceGate_WithSelectedGate_ShouldAddToPlacedGatesAndKeepSelection" />
    </UnitTest>
    <UnitTest name="AiLogica.Tests.ViewModels.HomeViewModelTests.WelcomeMessage_ShouldHaveDefaultValue" storage="/home/runner/work/ai_logica/ai_logica/ailogica.tests/bin/debug/net8.0/ailogica.tests.dll" id="a2ae638d-c777-de0d-1084-5e7469b42524">
      <Execution id="a365697e-9f6e-481b-a3d8-ce55db1a1fd3" />
      <TestMethod codeBase="/home/runner/work/ai_logica/ai_logica/AiLogica.Tests/bin/Debug/net8.0/AiLogica.Tests.dll" adapterTypeName="executor://xunit/VsTestRunner2/netcoreapp" className="AiLogica.Tests.ViewModels.HomeViewModelTests" name="WelcomeMessage_ShouldHaveDefaultValue" />
    </UnitTest>
    <UnitTest name="AiLogica.Tests.Integration.ApplicationIntegrationTests.Application_ShouldStart_Successfully" storage="/home/runner/work/ai_logica/ai_logica/ailogica.tests/bin/debug/net8.0/ailogica.tests.dll" id="0ceef84b-80e3-5a8b-849f-3817599d1cf6">
      <Execution id="7c2c2bd1-d3ce-45ee-b374-4d8107a7c644" />
      <TestMethod codeBase="/home/runner/work/ai_logica/ai_logica/AiLogica.Tests/bin/Debug/net8.0/AiLogica.Tests.dll" adapterTypeName="executor://xunit/VsTestRunner2/netcoreapp" className="AiLogica.Tests.Integration.ApplicationIntegrationTests" name="Application_ShouldStart_Successfully" />
    </UnitTest>
    <UnitTest name="AiLogica.Tests.ViewModels.HomeViewModelTests.GetConnectionPoints_OrGate_ShouldReturnCorrectPoints" storage="/home/runner/work/ai_logica/ai_logica/ailogica.tests/bin/debug/net8.0/ailogica.tests.dll" id="a422a2ef-509a-15ee-dbb9-3f9a314601fc">
      <Execution id="37cdb38c-b0c5-4d66-8ba8-e2997105a18c" />
      <TestMethod codeBase="/home/runner/work/ai_logica/ai_logica/AiLogica.Tests/bin/Debug/net8.0/AiLogica.Tests.dll" adapterTypeName="executor://xunit/VsTestRunner2/netcoreapp" className="AiLogica.Tests.ViewModels.HomeViewModelTests" name="GetConnectionPoints_OrGate_ShouldReturnCorrectPoints" />
    </UnitTest>
    <UnitTest name="AiLogica.Tests.ViewModels.HomeViewModelTests.AndGate_ConnectionPoints_ShouldSupportWiring" storage="/home/runner/work/ai_logica/ai_logica/ailogica.tests/bin/debug/net8.0/ailogica.tests.dll" id="d77c7050-e7d6-b67c-99e9-e26ce9d48eaf">
      <Execution id="529bad74-2b85-4228-9706-5c4563e0e33f" />
      <TestMethod codeBase="/home/runner/work/ai_logica/ai_logica/AiLogica.Tests/bin/Debug/net8.0/AiLogica.Tests.dll" adapterTypeName="executor://xunit/VsTestRunner2/netcoreapp" className="AiLogica.Tests.ViewModels.HomeViewModelTests" name="AndGate_ConnectionPoints_ShouldSupportWiring" />
    </UnitTest>
    <UnitTest name="AiLogica.Tests.ViewModels.HomeViewModelTests.CompleteWiring_WithValidConnections_ShouldCreateWire" storage="/home/runner/work/ai_logica/ai_logica/ailogica.tests/bin/debug/net8.0/ailogica.tests.dll" id="be5759a5-bfe0-f1cb-5c8e-26a7381305e9">
      <Execution id="13a25ba2-5f5d-4da5-885c-9285bb495177" />
      <TestMethod codeBase="/home/runner/work/ai_logica/ai_logica/AiLogica.Tests/bin/Debug/net8.0/AiLogica.Tests.dll" adapterTypeName="executor://xunit/VsTestRunner2/netcoreapp" className="AiLogica.Tests.ViewModels.HomeViewModelTests" name="CompleteWiring_WithValidConnections_ShouldCreateWire" />
    </UnitTest>
    <UnitTest name="AiLogica.Tests.Components.HomePageTests.HomePage_WithSelectedGate_ShouldRenderWithSelectedClass" storage="/home/runner/work/ai_logica/ai_logica/ailogica.tests/bin/debug/net8.0/ailogica.tests.dll" id="9b803c9c-2540-7475-7c93-3fc5557e9242">
      <Execution id="df428c12-606b-4da6-8730-13c62ab7caa6" />
      <TestMethod codeBase="/home/runner/work/ai_logica/ai_logica/AiLogica.Tests/bin/Debug/net8.0/AiLogica.Tests.dll" adapterTypeName="executor://xunit/VsTestRunner2/netcoreapp" className="AiLogica.Tests.Components.HomePageTests" name="HomePage_WithSelectedGate_ShouldRenderWithSelectedClass" />
    </UnitTest>
    <UnitTest name="AiLogica.Tests.Components.HomePageTests.HomePage_OrGateNotSelected_ShouldRenderCorrectly" storage="/home/runner/work/ai_logica/ai_logica/ailogica.tests/bin/debug/net8.0/ailogica.tests.dll" id="8ae5f13f-ca61-8d70-be5d-bab19d68625d">
      <Execution id="0cada103-ecd4-4a43-bcbd-66c5ff3e9225" />
      <TestMethod codeBase="/home/runner/work/ai_logica/ai_logica/AiLogica.Tests/bin/Debug/net8.0/AiLogica.Tests.dll" adapterTypeName="executor://xunit/VsTestRunner2/netcoreapp" className="AiLogica.Tests.Components.HomePageTests" name="HomePage_OrGateNotSelected_ShouldRenderCorrectly" />
    </UnitTest>
    <UnitTest name="AiLogica.Tests.ViewModels.HomeViewModelTests.MixedGates_OrAndAnd_ShouldAllHaveConnectionPoints" storage="/home/runner/work/ai_logica/ai_logica/ailogica.tests/bin/debug/net8.0/ailogica.tests.dll" id="3da84117-b913-466b-54eb-a2e2e5930d5f">
      <Execution id="9a757e07-d95c-4723-be80-d90a2711a5c2" />
      <TestMethod codeBase="/home/runner/work/ai_logica/ai_logica/AiLogica.Tests/bin/Debug/net8.0/AiLogica.Tests.dll" adapterTypeName="executor://xunit/VsTestRunner2/netcoreapp" className="AiLogica.Tests.ViewModels.HomeViewModelTests" name="MixedGates_OrAndAnd_ShouldAllHaveConnectionPoints" />
    </UnitTest>
    <UnitTest name="AiLogica.Tests.EndToEnd.EndToEndInfrastructureTests.PlaywrightPackage_ShouldBeAvailable" storage="/home/runner/work/ai_logica/ai_logica/ailogica.tests/bin/debug/net8.0/ailogica.tests.dll" id="8329cc8c-f463-7f34-fa6c-654d7c5916a2">
      <Execution id="cd2e0b69-e7a9-4bcf-9bd1-cc3efadf8984" />
      <TestMethod codeBase="/home/runner/work/ai_logica/ai_logica/AiLogica.Tests/bin/Debug/net8.0/AiLogica.Tests.dll" adapterTypeName="executor://xunit/VsTestRunner2/netcoreapp" className="AiLogica.Tests.EndToEnd.EndToEndInfrastructureTests" name="PlaywrightPackage_ShouldBeAvailable" />
    </UnitTest>
  </TestDefinitions>
  <TestEntries>
    <TestEntry testId="0ceef84b-80e3-5a8b-849f-3817599d1cf6" executionId="7c2c2bd1-d3ce-45ee-b374-4d8107a7c644" testListId="8c84fa94-04c1-424b-9868-57a2d4851a1d" />
    <TestEntry testId="7c480569-619b-ac71-f617-8e244942e34c" executionId="1f05f4e2-78a2-47d7-a2ea-5da66d98a198" testListId="8c84fa94-04c1-424b-9868-57a2d4851a1d" />
    <TestEntry testId="f4e67428-b203-64af-10f1-c616e9aaa405" executionId="b2aaf014-8f47-4d79-a5c9-45eddc403d62" testListId="8c84fa94-04c1-424b-9868-57a2d4851a1d" />
    <TestEntry testId="105b0841-47ae-5948-d24c-76b3b9b6416c" executionId="55d7e535-425c-4df5-ac25-63cde70a42fb" testListId="8c84fa94-04c1-424b-9868-57a2d4851a1d" />
    <TestEntry testId="200eb8b1-dda3-50e6-07c1-cd029d0de64e" executionId="5c6a83b6-1f6a-4a72-a9f2-59e9210eeecb" testListId="8c84fa94-04c1-424b-9868-57a2d4851a1d" />
    <TestEntry testId="d17cd9a9-91a8-4b00-ce38-dc1495349002" executionId="8552353a-64d8-4276-9251-a1d81f37d5d3" testListId="8c84fa94-04c1-424b-9868-57a2d4851a1d" />
    <TestEntry testId="8329cc8c-f463-7f34-fa6c-654d7c5916a2" executionId="cd2e0b69-e7a9-4bcf-9bd1-cc3efadf8984" testListId="8c84fa94-04c1-424b-9868-57a2d4851a1d" />
    <TestEntry testId="a422a2ef-509a-15ee-dbb9-3f9a314601fc" executionId="37cdb38c-b0c5-4d66-8ba8-e2997105a18c" testListId="8c84fa94-04c1-424b-9868-57a2d4851a1d" />
    <TestEntry testId="9c952539-bba0-e420-da4c-57dffef3b9ce" executionId="737d5166-21e4-4112-80e5-7bad264bad6a" testListId="8c84fa94-04c1-424b-9868-57a2d4851a1d" />
    <TestEntry testId="ae556df1-a5bf-b40a-129d-343008ab19c5" executionId="9cb0e6d5-3f38-4646-93ae-8c8b39a1afa1" testListId="8c84fa94-04c1-424b-9868-57a2d4851a1d" />
    <TestEntry testId="9b803c9c-2540-7475-7c93-3fc5557e9242" executionId="df428c12-606b-4da6-8730-13c62ab7caa6" testListId="8c84fa94-04c1-424b-9868-57a2d4851a1d" />
    <TestEntry testId="be5759a5-bfe0-f1cb-5c8e-26a7381305e9" executionId="13a25ba2-5f5d-4da5-885c-9285bb495177" testListId="8c84fa94-04c1-424b-9868-57a2d4851a1d" />
    <TestEntry testId="4ab2a03b-d864-ee82-f793-2db624744073" executionId="2831f7d1-5cad-4176-9402-a57fce3c8d52" testListId="8c84fa94-04c1-424b-9868-57a2d4851a1d" />
    <TestEntry testId="62b9ab40-846d-976c-51b0-a61c3e281702" executionId="23bbaa8c-7f38-4ce6-aae8-61d746d42658" testListId="8c84fa94-04c1-424b-9868-57a2d4851a1d" />
    <TestEntry testId="50b78865-64f6-c34a-a595-8f3cc47202bd" executionId="e2407926-f4ec-4322-b1ff-4a8d6c9e73a4" testListId="8c84fa94-04c1-424b-9868-57a2d4851a1d" />
    <TestEntry testId="63be1937-3d78-9841-25a6-c8caded693d3" executionId="bde75520-6747-48d4-a070-9bf31ed3db9f" testListId="8c84fa94-04c1-424b-9868-57a2d4851a1d" />
    <TestEntry testId="8ae5f13f-ca61-8d70-be5d-bab19d68625d" executionId="0cada103-ecd4-4a43-bcbd-66c5ff3e9225" testListId="8c84fa94-04c1-424b-9868-57a2d4851a1d" />
    <TestEntry testId="8529a7c7-3de3-a414-751b-faeddb4f7dc5" executionId="1a50e526-6720-46dc-b152-f7b17d8da0f6" testListId="8c84fa94-04c1-424b-9868-57a2d4851a1d" />
    <TestEntry testId="6cae5a1c-5cab-7df6-859b-6b90ab33286e" executionId="3e0d87c9-91ea-490b-8600-7ac8bf3e41de" testListId="8c84fa94-04c1-424b-9868-57a2d4851a1d" />
    <TestEntry testId="cd1d155c-9ddd-4a3d-afbf-1fdbaf3b2c0f" executionId="3de461db-2d60-42a6-9aac-89c6eeaece5b" testListId="8c84fa94-04c1-424b-9868-57a2d4851a1d" />
    <TestEntry testId="afd8bc39-b7a1-509d-7188-8b5293bd6a1f" executionId="f9e0ab38-8391-45c9-ac33-4f45e890aa9e" testListId="8c84fa94-04c1-424b-9868-57a2d4851a1d" />
    <TestEntry testId="a2ae638d-c777-de0d-1084-5e7469b42524" executionId="a365697e-9f6e-481b-a3d8-ce55db1a1fd3" testListId="8c84fa94-04c1-424b-9868-57a2d4851a1d" />
    <TestEntry testId="96c9e315-2a61-0614-bda6-eee45a27749e" executionId="53133006-66f7-4849-8167-82ab808da0a7" testListId="8c84fa94-04c1-424b-9868-57a2d4851a1d" />
    <TestEntry testId="173e92e8-dded-0889-2726-6f8c6079de1a" executionId="aab8ff95-e3d6-44bd-84ee-4e3e8ae8f142" testListId="8c84fa94-04c1-424b-9868-57a2d4851a1d" />
    <TestEntry testId="bccc04f1-0c93-73fa-6661-22af42f2dc34" executionId="721381ff-c93a-40d7-81cc-ee33312079be" testListId="8c84fa94-04c1-424b-9868-57a2d4851a1d" />
    <TestEntry testId="f0fb8295-82fb-bc35-112f-67982ac8df55" executionId="3dd301e6-3a83-4e48-9395-3a14b28f60d8" testListId="8c84fa94-04c1-424b-9868-57a2d4851a1d" />
    <TestEntry testId="3da84117-b913-466b-54eb-a2e2e5930d5f" executionId="9a757e07-d95c-4723-be80-d90a2711a5c2" testListId="8c84fa94-04c1-424b-9868-57a2d4851a1d" />
    <TestEntry testId="faa13e6b-7201-cf6a-8438-940b49935b37" executionId="2f70681c-5cce-480f-9459-c54d3720e723" testListId="8c84fa94-04c1-424b-9868-57a2d4851a1d" />
    <TestEntry testId="c5e917fd-0ed7-9e49-cb7f-b58f91a82489" executionId="c97951ea-7503-44da-b5e2-b10ea20eaabe" testListId="8c84fa94-04c1-424b-9868-57a2d4851a1d" />
    <TestEntry testId="d77c7050-e7d6-b67c-99e9-e26ce9d48eaf" executionId="529bad74-2b85-4228-9706-5c4563e0e33f" testListId="8c84fa94-04c1-424b-9868-57a2d4851a1d" />
    <TestEntry testId="255d0359-7a55-08ef-eb51-6d3786c259a2" executionId="d72c5006-7976-4c81-bc3a-2bc1e54c0061" testListId="8c84fa94-04c1-424b-9868-57a2d4851a1d" />
  </TestEntries>
  <TestLists>
    <TestList name="Results Not in a List" id="8c84fa94-04c1-424b-9868-57a2d4851a1d" />
    <TestList name="All Loaded Results" id="19431567-8539-422a-85d7-44ee4e166bda" />
  </TestLists>
  <ResultSummary outcome="Failed">
    <Counters total="31" executed="31" passed="30" failed="1" error="0" timeout="0" aborted="0" inconclusive="0" passedButRunAborted="0" notRunnable="0" notExecuted="0" disconnected="0" warning="0" completed="0" inProgress="0" pending="0" />
    <Output>
      <StdOut>[xUnit.net 00:00:00.00] xUnit.net VSTest Adapter v2.4.5+1caef2f33e (64-bit .NET 8.0.16)
[xUnit.net 00:00:00.94]   Discovering: AiLogica.Tests
[xUnit.net 00:00:00.99]   Discovered:  AiLogica.Tests
[xUnit.net 00:00:00.99]   Starting:    AiLogica.Tests
[xUnit.net 00:00:01.73]       Assert.Contains() Failure
[xUnit.net 00:00:01.73]       Not found: AND
[xUnit.net 00:00:01.73]       In value:  
[xUnit.net 00:00:01.73]                                  
[xUnit.net 00:00:01.73]                                  
[xUnit.net 00:00:01.73]                                  
[xUnit.net 00:00:01.73]                                  
[xUnit.net 00:00:01.73]                                  
[xUnit.net 00:00:01.73]       Stack Trace:
[xUnit.net 00:00:01.74]         /home/runner/work/ai_logica/ai_logica/AiLogica.Tests/Components/HomePageTests.cs(117,0): at AiLogica.Tests.Components.HomePageTests.HomePage_NonOrGates_ShouldDisplayAsText()
[xUnit.net 00:00:01.74]            at System.RuntimeMethodHandle.InvokeMethod(Object target, Void** arguments, Signature sig, Boolean isConstructor)
[xUnit.net 00:00:01.74]            at System.Reflection.MethodBaseInvoker.InvokeWithNoArgs(Object obj, BindingFlags invokeAttr)
[xUnit.net 00:00:01.75]   Finished:    AiLogica.Tests
</StdOut>
    </Output>
    <RunInfos>
      <RunInfo computerName="fv-az1796-206" outcome="Error" timestamp="2025-05-31T22:27:15.6860463+00:00">
        <Text>[xUnit.net 00:00:01.73]     AiLogica.Tests.Components.HomePageTests.HomePage_NonOrGates_ShouldDisplayAsText [FAIL]</Text>
      </RunInfo>
    </RunInfos>
  </ResultSummary>
</TestRun>